2025-11-16 07:26:49 
Start install: addon_cart_popup_3.5.1.zip package IP:172.22.0.1 UID:1
2025-11-16 07:26:49 installTypeJoomshopping
2025-11-16 07:26:49 skip copy file: /update.php
2025-11-16 07:26:49 Copy file: /components/com_jshopping/Controller/Cart_popupController.php
2025-11-16 07:26:49 Copy file: /components/com_jshopping/addons/cart_popup/config.tmpl.php
2025-11-16 07:26:49 Copy file: /components/com_jshopping/addons/cart_popup/uninstall.php
2025-11-16 07:26:49 Copy file: /components/com_jshopping/css/addons/cart_popup.css
2025-11-16 07:26:49 Copy file: /components/com_jshopping/js/addons/cart_popup.js
2025-11-16 07:26:49 Copy file: /components/com_jshopping/templates/addons/cart_popup/default.php
2025-11-16 07:26:49 Copy file: /plugins/jshoppingcheckout/cart_popup/cart_popup.php
2025-11-16 07:26:49 Copy file: /plugins/jshoppingcheckout/cart_popup/cart_popup.xml
2025-11-16 07:26:49 Copy file: /plugins/jshoppingproducts/cart_popup/cart_popup.php
2025-11-16 07:26:49 Copy file: /plugins/jshoppingproducts/cart_popup/cart_popup.xml
2025-11-16 07:26:49 Copy file: /plugins/jshoppingproducts/cart_popup/helper.php
2025-11-16 07:34:11 
Start install: addon_filters_extended_5.28.0.zip package IP:172.22.0.1 UID:1
2025-11-16 07:34:11 installTypeJoomshopping
2025-11-16 07:34:11 skip copy file: /update.php
2025-11-16 07:34:11 Copy file: /cache/filterext/index.html
2025-11-16 07:34:11 Copy file: /components/com_jshopping/Controller/ProductsfilterController.php
2025-11-16 07:34:11 Copy file: /components/com_jshopping/Model/Productlist/ProductsfilterModel.php
2025-11-16 07:34:11 Copy file: /components/com_jshopping/addons/filters_extended/config.tmpl.php
2025-11-16 07:34:11 Copy file: /components/com_jshopping/addons/filters_extended/uninstall.php
2025-11-16 07:34:11 Copy file: /components/com_jshopping/css/addons/menu_filter.css
2025-11-16 07:34:11 Copy file: /components/com_jshopping/fields/attributes.php
2025-11-16 07:34:11 Copy file: /components/com_jshopping/fields/extrafields.php
2025-11-16 07:34:11 Copy file: /components/com_jshopping/fields/shopcategories.php
2025-11-16 07:34:11 Copy file: /components/com_jshopping/fields/shopdeliverytimes.php
2025-11-16 07:34:11 Copy file: /components/com_jshopping/fields/shoplabels.php
2025-11-16 07:34:12 Copy file: /components/com_jshopping/fields/shopmanufacturers.php
2025-11-16 07:34:12 Copy file: /components/com_jshopping/fields/shopvendors.php
2025-11-16 07:34:12 Copy file: /components/com_jshopping/templates/addons/filters_extended/cat_settings.php
2025-11-16 07:34:12 Copy file: /components/com_jshopping/templates/addons/filters_extended/characteristics_settings.php
2025-11-16 07:34:12 Copy file: /components/com_jshopping/templates/addons/filters_extended/filter_active_vals.php
2025-11-16 07:34:12 Copy file: /components/com_jshopping/tmpl/productsfilter/default.xml
2025-11-16 07:34:12 Copy file: /language/de-DE/de-DE.mod_jshopping_filters_extended.ini
2025-11-16 07:34:12 Copy file: /language/en-GB/en-GB.mod_jshopping_filters_extended.ini
2025-11-16 07:34:12 Copy file: /language/ru-RU/ru-RU.mod_jshopping_filters_extended.ini
2025-11-16 07:34:12 Copy file: /modules/mod_jshopping_filters_extended/cache.php
2025-11-16 07:34:12 Copy file: /modules/mod_jshopping_filters_extended/helper.php
2025-11-16 07:34:12 Copy file: /modules/mod_jshopping_filters_extended/helper_faf.php
2025-11-16 07:34:12 Copy file: /modules/mod_jshopping_filters_extended/helper_items.php
2025-11-16 07:34:12 Copy file: /modules/mod_jshopping_filters_extended/helper_url.php
2025-11-16 07:34:12 Copy file: /modules/mod_jshopping_filters_extended/mod_jshopping_filters_extended.php
2025-11-16 07:34:12 Copy file: /modules/mod_jshopping_filters_extended/mod_jshopping_filters_extended.xml
2025-11-16 07:34:12 Copy file: /modules/mod_jshopping_filters_extended/css/chosen.css
2025-11-16 07:34:12 Copy file: /modules/mod_jshopping_filters_extended/css/jquery-ui-slider.css
2025-11-16 07:34:12 Copy file: /modules/mod_jshopping_filters_extended/css/mod_jshopping_filters.css
2025-11-16 07:34:12 Copy file: /modules/mod_jshopping_filters_extended/css/mod_jshopping_filters_admin.css
2025-11-16 07:34:12 Copy file: /modules/mod_jshopping_filters_extended/element/attributes.php
2025-11-16 07:34:12 Copy file: /modules/mod_jshopping_filters_extended/element/characteristics.php
2025-11-16 07:34:12 Copy file: /modules/mod_jshopping_filters_extended/element/characteristics0.php
2025-11-16 07:34:12 Copy file: /modules/mod_jshopping_filters_extended/element/index.html
2025-11-16 07:34:12 Copy file: /modules/mod_jshopping_filters_extended/element/order.php
2025-11-16 07:34:12 Copy file: /modules/mod_jshopping_filters_extended/img/chosen-sprite.png
2025-11-16 07:34:12 Copy file: /modules/mod_jshopping_filters_extended/img/chosen-sprite@2x.png
2025-11-16 07:34:12 Copy file: /modules/mod_jshopping_filters_extended/img/filter-close--hover.png
2025-11-16 07:34:12 Copy file: /modules/mod_jshopping_filters_extended/img/filter-close.png
2025-11-16 07:34:12 Copy file: /modules/mod_jshopping_filters_extended/img/info.png
2025-11-16 07:34:12 Copy file: /modules/mod_jshopping_filters_extended/img/waiting.gif
2025-11-16 07:34:12 Copy file: /modules/mod_jshopping_filters_extended/inputs/core.php
2025-11-16 07:34:12 Copy file: /modules/mod_jshopping_filters_extended/js/chosen.jquery.js
2025-11-16 07:34:12 Copy file: /modules/mod_jshopping_filters_extended/js/chosen.js
2025-11-16 07:34:12 Copy file: /modules/mod_jshopping_filters_extended/js/jquery-noconflict.js
2025-11-16 07:34:12 Copy file: /modules/mod_jshopping_filters_extended/js/jquery-ui.min-slider.js
2025-11-16 07:34:13 Copy file: /modules/mod_jshopping_filters_extended/js/jquery.min.js
2025-11-16 07:34:13 Copy file: /modules/mod_jshopping_filters_extended/js/jquery.nestable.js
2025-11-16 07:34:13 Copy file: /modules/mod_jshopping_filters_extended/js/script-admin.js
2025-11-16 07:34:13 Copy file: /modules/mod_jshopping_filters_extended/js/script.js
2025-11-16 07:34:13 Copy file: /modules/mod_jshopping_filters_extended/tmpl/_tooltip.php
2025-11-16 07:34:13 Copy file: /modules/mod_jshopping_filters_extended/tmpl/default.php
2025-11-16 07:34:13 Copy file: /modules/mod_jshopping_filters_extended/tmpl/index.html
2025-11-16 07:34:13 Copy file: /modules/mod_jshopping_filters_extended/tmpl/inputs_checkbox.php
2025-11-16 07:34:13 Copy file: /modules/mod_jshopping_filters_extended/tmpl/inputs_radio.php
2025-11-16 07:34:13 Copy file: /modules/mod_jshopping_filters_extended/tmpl/inputs_select.php
2025-11-16 07:34:13 Copy file: /modules/mod_jshopping_filters_extended/tmpl/tooltip.php
2025-11-16 07:34:13 Copy file: /modules/mod_jshopping_filters_extended/tmpl/default/attribute.php
2025-11-16 07:34:13 Copy file: /modules/mod_jshopping_filters_extended/tmpl/default/availability.php
2025-11-16 07:34:13 Copy file: /modules/mod_jshopping_filters_extended/tmpl/default/categories.php
2025-11-16 07:34:13 Copy file: /modules/mod_jshopping_filters_extended/tmpl/default/characteristic.php
2025-11-16 07:34:13 Copy file: /modules/mod_jshopping_filters_extended/tmpl/default/characteristic_slider.php
2025-11-16 07:34:13 Copy file: /modules/mod_jshopping_filters_extended/tmpl/default/delivery_time.php
2025-11-16 07:34:13 Copy file: /modules/mod_jshopping_filters_extended/tmpl/default/label.php
2025-11-16 07:34:13 Copy file: /modules/mod_jshopping_filters_extended/tmpl/default/manufacturer.php
2025-11-16 07:34:13 Copy file: /modules/mod_jshopping_filters_extended/tmpl/default/photo_filter.php
2025-11-16 07:34:13 Copy file: /modules/mod_jshopping_filters_extended/tmpl/default/price.php
2025-11-16 07:34:13 Copy file: /modules/mod_jshopping_filters_extended/tmpl/default/rating.php
2025-11-16 07:34:13 Copy file: /modules/mod_jshopping_filters_extended/tmpl/default/review.php
2025-11-16 07:34:13 Copy file: /modules/mod_jshopping_filters_extended/tmpl/default/search.php
2025-11-16 07:34:13 Copy file: /modules/mod_jshopping_filters_extended/tmpl/default/sets.php
2025-11-16 07:34:13 Copy file: /modules/mod_jshopping_filters_extended/tmpl/default/shipping.php
2025-11-16 07:34:13 Copy file: /modules/mod_jshopping_filters_extended/tmpl/default/vendors.php
2025-11-16 07:34:13 Copy file: /plugins/jshoppingadmin/filters_extended/filters_extended.php
2025-11-16 07:34:13 Copy file: /plugins/jshoppingadmin/filters_extended/filters_extended.xml
2025-11-16 07:34:13 Copy file: /plugins/jshoppingproducts/filters_extended/filters_extended.php
2025-11-16 07:34:13 Copy file: /plugins/jshoppingproducts/filters_extended/filters_extended.xml
2025-11-16 07:34:13 Copy file: /plugins/jshoppingrouter/filters_extended/filters_extended.php
2025-11-16 07:34:13 Copy file: /plugins/jshoppingrouter/filters_extended/filters_extended.xml
2025-11-16 07:34:29 
Start install: addon_cartajax_4.17.21.zip package IP:172.22.0.1 UID:1
2025-11-16 07:34:30 installTypeJoomshopping
2025-11-16 07:34:30 skip copy file: /update.php
2025-11-16 07:34:30 Copy file: /components/com_jshopping/Controller/CartajaxController.php
2025-11-16 07:34:30 Copy file: /components/com_jshopping/Controller/CartajaxattributesController.php
2025-11-16 07:34:30 Copy file: /components/com_jshopping/Model/CartajaxattributesModel.php
2025-11-16 07:34:30 Copy file: /components/com_jshopping/addons/addon_cartajax/joomla_extensions.php
2025-11-16 07:34:30 Copy file: /components/com_jshopping/addons/addon_cartajax/uninstall.php
2025-11-16 07:34:30 Copy file: /components/com_jshopping/css/addons/cartajax.css
2025-11-16 07:34:30 Copy file: /components/com_jshopping/css/addons/cartajax_adv.css
2025-11-16 07:34:30 Copy file: /components/com_jshopping/css/addons/cartajax_attributes.css
2025-11-16 07:34:30 Copy file: /components/com_jshopping/css/addons/cartajax_module.css
2025-11-16 07:34:30 Copy file: /components/com_jshopping/css/addons/cartajax_wishlist.css
2025-11-16 07:34:30 Copy file: /components/com_jshopping/css/addons/images/cart.png
2025-11-16 07:34:30 Copy file: /components/com_jshopping/css/addons/images/cartajax-attribute-loading.gif
2025-11-16 07:34:30 Copy file: /components/com_jshopping/css/addons/images/cartajax-remove.png
2025-11-16 07:34:30 Copy file: /components/com_jshopping/css/addons/images/wish.png
2025-11-16 07:34:30 Copy file: /components/com_jshopping/helpers/cartajax.php
2025-11-16 07:34:30 Copy file: /components/com_jshopping/images/cartajax-loading.gif
2025-11-16 07:34:30 Copy file: /components/com_jshopping/js/addons/cartajax.js
2025-11-16 07:34:30 Copy file: /components/com_jshopping/js/addons/cartajax_adv.js
2025-11-16 07:34:30 Copy file: /components/com_jshopping/js/addons/cartajax_attributes.js
2025-11-16 07:34:30 Copy file: /components/com_jshopping/js/addons/cartajax_module.js
2025-11-16 07:34:30 Copy file: /components/com_jshopping/js/addons/cartajax_plugin.js
2025-11-16 07:34:30 Copy file: /components/com_jshopping/js/addons/cartajax_wishlist.js
2025-11-16 07:34:30 Copy file: /components/com_jshopping/templates/addons/index.html
2025-11-16 07:34:30 Copy file: /components/com_jshopping/templates/addons/cartajax/attribute.php
2025-11-16 07:34:30 Copy file: /components/com_jshopping/templates/addons/cartajax/cartmsg.php
2025-11-16 07:34:30 Copy file: /components/com_jshopping/templates/addons/cartajax/oldprice.php
2025-11-16 07:34:30 Copy file: /language/index.html
2025-11-16 07:34:30 Copy file: /language/de-DE/com_jshopping.addon_cartajax.ini
2025-11-16 07:34:30 Copy file: /language/de-DE/index.html
2025-11-16 07:34:30 Copy file: /language/en-GB/com_jshopping.addon_cartajax.ini
2025-11-16 07:34:30 Copy file: /language/en-GB/index.html
2025-11-16 07:34:30 Copy file: /language/ru-RU/com_jshopping.addon_cartajax.ini
2025-11-16 07:34:30 Copy file: /language/ru-RU/index.html
2025-11-16 07:34:30 Copy file: /modules/mod_adv_jshopping_cartajax/mod_adv_jshopping_cartajax.php
2025-11-16 07:34:30 Copy file: /modules/mod_adv_jshopping_cartajax/mod_adv_jshopping_cartajax.xml
2025-11-16 07:34:30 Copy file: /modules/mod_adv_jshopping_cartajax/tmpl/default.php
2025-11-16 07:34:30 Copy file: /modules/mod_jshopping_cartajax/mod_jshopping_cartajax.php
2025-11-16 07:34:30 Copy file: /modules/mod_jshopping_cartajax/mod_jshopping_cartajax.xml
2025-11-16 07:34:31 Copy file: /modules/mod_jshopping_cartajax/tmpl/default.php
2025-11-16 07:34:31 Copy file: /modules/mod_jshopping_cartajax/tmpl/icon.php
2025-11-16 07:34:31 Copy file: /modules/mod_jshopping_wishlistajax/mod_jshopping_wishlistajax.php
2025-11-16 07:34:31 Copy file: /modules/mod_jshopping_wishlistajax/mod_jshopping_wishlistajax.xml
2025-11-16 07:34:31 Copy file: /modules/mod_jshopping_wishlistajax/tmpl/default.php
2025-11-16 07:34:31 Copy file: /modules/mod_jshopping_wishlistajax/tmpl/icon.php
2025-11-16 07:34:31 Copy file: /plugins/jshoppingcheckout/cartajax/cartajax.php
2025-11-16 07:34:31 Copy file: /plugins/jshoppingcheckout/cartajax/cartajax.xml
2025-11-16 07:34:31 Copy file: /plugins/jshoppingproducts/cartajax/cartajax.php
2025-11-16 07:34:31 Copy file: /plugins/jshoppingproducts/cartajax/cartajax.xml
2025-11-16 07:34:31 Copy file: /plugins/jshoppingproducts/cartajax/index.html
2025-11-16 07:34:31 Copy file: /plugins/jshoppingproducts/cartajaxattributes/cartajaxattributes.php
2025-11-16 07:34:31 Copy file: /plugins/jshoppingproducts/cartajaxattributes/cartajaxattributes.xml
2025-12-16 10:19:25 
Start install:  package IP:172.22.0.1 UID:1
2025-12-16 10:19:25 Не удалось загрузить файл на сервер.
